// Jest Snapshot v1, https://goo.gl/fbAQLP

exports[`Renders an avatar from Name using capital letters 1`] = `
<View
  style={
    Array [
      Object {
        "alignItems": "center",
        "backgroundColor": "#222",
        "borderColor": "#000000",
        "borderRadius": 50,
        "borderWidth": 1,
        "height": 40,
        "justifyContent": "center",
        "width": 40,
      },
      undefined,
    ]
  }
>
  <Text
    style={
      Array [
        Object {
          "color": "#FFFFFF",
        },
        undefined,
      ]
    }
  >
    S F
  </Text>
</View>
`;
